// Jest Snapshot v1, https://goo.gl/fbAQLP

exports[`Render correctly 1`] = `
<View
  style={
    Object {
      "alignItems": "center",
      "justifyContent": "center",
    }
  }
>
  <Text
    accessible={true}
    allowFontScaling={true}
    ellipsizeMode="tail"
    style={
      Object {
        "color": "#000000",
        "fontSize": 20,
        "textAlign": "center",
      }
    }
  >
    The AI selects a sign
  </Text>
  <RCTScrollView
    columnWrapperStyle={
      Object {
        "alignItems": "center",
        "justifyContent": "center",
      }
    }
    data={
      Array [
        Object {
          "beat": Array [
            "scissors",
          ],
          "beatBy": Array [
            "paper",
          ],
          "localizedKey": "rock",
          "reference": "rock",
          "resourceKey": 1,
        },
        Object {
          "beat": Array [
            "rock",
          ],
          "beatBy": Array [
            "scissors",
          ],
          "localizedKey": "paper",
          "reference": "paper",
          "resourceKey": 1,
        },
        Object {
          "beat": Array [
            "paper",
          ],
          "beatBy": Array [
            "rock",
          ],
          "localizedKey": "scissors",
          "reference": "scissors",
          "resourceKey": 1,
        },
      ]
    }
    disableVirtualization={false}
    extraData={undefined}
    getItem={[Function]}
    getItemCount={[Function]}
    horizontal={false}
    initialNumToRender={10}
    keyExtractor={[Function]}
    maxToRenderPerBatch={10}
    numColumns={3}
    onContentSizeChange={[Function]}
    onEndReachedThreshold={2}
    onLayout={[Function]}
    onMomentumScrollEnd={[Function]}
    onScroll={[Function]}
    onScrollBeginDrag={[Function]}
    onScrollEndDrag={[Function]}
    renderItem={[Function]}
    scrollEventThrottle={50}
    stickyHeaderIndices={Array []}
    updateCellsBatchingPeriod={50}
    viewabilityConfigCallbackPairs={Array []}
    windowSize={21}
  >
    <View>
      <View
        onLayout={[Function]}
        style={null}
      >
        <View
          style={
            Array [
              Object {
                "flexDirection": "row",
              },
              Object {
                "alignItems": "center",
                "justifyContent": "center",
              },
            ]
          }
        >
          <View
            style={
              Array [
                Object {
                  "borderRadius": 10,
                  "padding": 10,
                },
                null,
              ]
            }
          >
            <View
              style={
                Object {
                  "alignItems": "center",
                  "justifyContent": "center",
                }
              }
            >
              <Image
                source={1}
                style={
                  Object {
                    "height": 70,
                    "width": 70,
                  }
                }
              />
              <Text
                accessible={true}
                allowFontScaling={true}
                ellipsizeMode="tail"
              >
                Rock
              </Text>
            </View>
          </View>
          <View
            style={
              Array [
                Object {
                  "borderRadius": 10,
                  "padding": 10,
                },
                null,
              ]
            }
          >
            <View
              style={
                Object {
                  "alignItems": "center",
                  "justifyContent": "center",
                }
              }
            >
              <Image
                source={1}
                style={
                  Object {
                    "height": 70,
                    "width": 70,
                  }
                }
              />
              <Text
                accessible={true}
                allowFontScaling={true}
                ellipsizeMode="tail"
              >
                Paper
              </Text>
            </View>
          </View>
          <View
            style={
              Array [
                Object {
                  "borderRadius": 10,
                  "padding": 10,
                },
                null,
              ]
            }
          >
            <View
              style={
                Object {
                  "alignItems": "center",
                  "justifyContent": "center",
                }
              }
            >
              <Image
                source={1}
                style={
                  Object {
                    "height": 70,
                    "width": 70,
                  }
                }
              />
              <Text
                accessible={true}
                allowFontScaling={true}
                ellipsizeMode="tail"
              >
                Scissors
              </Text>
            </View>
          </View>
        </View>
      </View>
    </View>
  </RCTScrollView>
</View>
`;

exports[`Render correctly: invalid props 1`] = `
<View
  style={
    Object {
      "alignItems": "center",
      "justifyContent": "center",
    }
  }
>
  <Text
    accessible={true}
    allowFontScaling={true}
    ellipsizeMode="tail"
    style={
      Object {
        "color": "#000000",
        "fontSize": 20,
        "textAlign": "center",
      }
    }
  >
    The AI selects a sign
  </Text>
  <RCTScrollView
    columnWrapperStyle={
      Object {
        "alignItems": "center",
        "justifyContent": "center",
      }
    }
    data={
      Array [
        Object {
          "beat": Array [
            "scissors",
          ],
          "beatBy": Array [
            "paper",
          ],
          "localizedKey": "rock",
          "reference": "rock",
          "resourceKey": 1,
        },
        Object {
          "beat": Array [
            "rock",
          ],
          "beatBy": Array [
            "scissors",
          ],
          "localizedKey": "paper",
          "reference": "paper",
          "resourceKey": 1,
        },
        Object {
          "beat": Array [
            "paper",
          ],
          "beatBy": Array [
            "rock",
          ],
          "localizedKey": "scissors",
          "reference": "scissors",
          "resourceKey": 1,
        },
      ]
    }
    disableVirtualization={false}
    extraData={undefined}
    getItem={[Function]}
    getItemCount={[Function]}
    horizontal={false}
    initialNumToRender={10}
    keyExtractor={[Function]}
    maxToRenderPerBatch={10}
    numColumns={3}
    onContentSizeChange={[Function]}
    onEndReachedThreshold={2}
    onLayout={[Function]}
    onMomentumScrollEnd={[Function]}
    onScroll={[Function]}
    onScrollBeginDrag={[Function]}
    onScrollEndDrag={[Function]}
    renderItem={[Function]}
    scrollEventThrottle={50}
    stickyHeaderIndices={Array []}
    updateCellsBatchingPeriod={50}
    viewabilityConfigCallbackPairs={Array []}
    windowSize={21}
  >
    <View>
      <View
        onLayout={[Function]}
        style={null}
      >
        <View
          style={
            Array [
              Object {
                "flexDirection": "row",
              },
              Object {
                "alignItems": "center",
                "justifyContent": "center",
              },
            ]
          }
        >
          <View
            style={
              Array [
                Object {
                  "borderRadius": 10,
                  "padding": 10,
                },
                null,
              ]
            }
          >
            <View
              style={
                Object {
                  "alignItems": "center",
                  "justifyContent": "center",
                }
              }
            >
              <Image
                source={1}
                style={
                  Object {
                    "height": 70,
                    "width": 70,
                  }
                }
              />
              <Text
                accessible={true}
                allowFontScaling={true}
                ellipsizeMode="tail"
              >
                Rock
              </Text>
            </View>
          </View>
          <View
            style={
              Array [
                Object {
                  "borderRadius": 10,
                  "padding": 10,
                },
                null,
              ]
            }
          >
            <View
              style={
                Object {
                  "alignItems": "center",
                  "justifyContent": "center",
                }
              }
            >
              <Image
                source={1}
                style={
                  Object {
                    "height": 70,
                    "width": 70,
                  }
                }
              />
              <Text
                accessible={true}
                allowFontScaling={true}
                ellipsizeMode="tail"
              >
                Paper
              </Text>
            </View>
          </View>
          <View
            style={
              Array [
                Object {
                  "borderRadius": 10,
                  "padding": 10,
                },
                null,
              ]
            }
          >
            <View
              style={
                Object {
                  "alignItems": "center",
                  "justifyContent": "center",
                }
              }
            >
              <Image
                source={1}
                style={
                  Object {
                    "height": 70,
                    "width": 70,
                  }
                }
              />
              <Text
                accessible={true}
                allowFontScaling={true}
                ellipsizeMode="tail"
              >
                Scissors
              </Text>
            </View>
          </View>
        </View>
      </View>
    </View>
  </RCTScrollView>
</View>
`;

exports[`Render correctly: valid props 1`] = `
<View
  style={
    Object {
      "alignItems": "center",
      "justifyContent": "center",
    }
  }
>
  <Text
    accessible={true}
    allowFontScaling={true}
    ellipsizeMode="tail"
    style={
      Object {
        "color": "#000000",
        "fontSize": 20,
        "textAlign": "center",
      }
    }
  >
    The AI selects a sign
  </Text>
  <RCTScrollView
    columnWrapperStyle={
      Object {
        "alignItems": "center",
        "justifyContent": "center",
      }
    }
    data={
      Array [
        Object {
          "beat": Array [
            "scissors",
          ],
          "beatBy": Array [
            "paper",
          ],
          "localizedKey": "rock",
          "reference": "rock",
          "resourceKey": 1,
        },
        Object {
          "beat": Array [
            "rock",
          ],
          "beatBy": Array [
            "scissors",
          ],
          "localizedKey": "paper",
          "reference": "paper",
          "resourceKey": 1,
        },
        Object {
          "beat": Array [
            "paper",
          ],
          "beatBy": Array [
            "rock",
          ],
          "localizedKey": "scissors",
          "reference": "scissors",
          "resourceKey": 1,
        },
      ]
    }
    disableVirtualization={false}
    extraData={undefined}
    getItem={[Function]}
    getItemCount={[Function]}
    horizontal={false}
    initialNumToRender={10}
    keyExtractor={[Function]}
    maxToRenderPerBatch={10}
    numColumns={3}
    onContentSizeChange={[Function]}
    onEndReachedThreshold={2}
    onLayout={[Function]}
    onMomentumScrollEnd={[Function]}
    onScroll={[Function]}
    onScrollBeginDrag={[Function]}
    onScrollEndDrag={[Function]}
    renderItem={[Function]}
    scrollEventThrottle={50}
    stickyHeaderIndices={Array []}
    updateCellsBatchingPeriod={50}
    viewabilityConfigCallbackPairs={Array []}
    windowSize={21}
  >
    <View>
      <View
        onLayout={[Function]}
        style={null}
      >
        <View
          style={
            Array [
              Object {
                "flexDirection": "row",
              },
              Object {
                "alignItems": "center",
                "justifyContent": "center",
              },
            ]
          }
        >
          <View
            style={
              Array [
                Object {
                  "borderRadius": 10,
                  "padding": 10,
                },
                null,
              ]
            }
          >
            <View
              style={
                Object {
                  "alignItems": "center",
                  "justifyContent": "center",
                }
              }
            >
              <Image
                source={1}
                style={
                  Object {
                    "height": 70,
                    "width": 70,
                  }
                }
              />
              <Text
                accessible={true}
                allowFontScaling={true}
                ellipsizeMode="tail"
              >
                Rock
              </Text>
            </View>
          </View>
          <View
            style={
              Array [
                Object {
                  "borderRadius": 10,
                  "padding": 10,
                },
                null,
              ]
            }
          >
            <View
              style={
                Object {
                  "alignItems": "center",
                  "justifyContent": "center",
                }
              }
            >
              <Image
                source={1}
                style={
                  Object {
                    "height": 70,
                    "width": 70,
                  }
                }
              />
              <Text
                accessible={true}
                allowFontScaling={true}
                ellipsizeMode="tail"
              >
                Paper
              </Text>
            </View>
          </View>
          <View
            style={
              Array [
                Object {
                  "borderRadius": 10,
                  "padding": 10,
                },
                null,
              ]
            }
          >
            <View
              style={
                Object {
                  "alignItems": "center",
                  "justifyContent": "center",
                }
              }
            >
              <Image
                source={1}
                style={
                  Object {
                    "height": 70,
                    "width": 70,
                  }
                }
              />
              <Text
                accessible={true}
                allowFontScaling={true}
                ellipsizeMode="tail"
              >
                Scissors
              </Text>
            </View>
          </View>
        </View>
      </View>
    </View>
  </RCTScrollView>
</View>
`;
